2026-05-03 00:52:44,743 - INFO - Yeni dosya yüklendi: Excel test.xlsx
2026-05-03 00:52:44,761 - INFO - Analiz tamamlandı. Toplam kayıt: 5
2026-05-03 00:55:28,772 - INFO - Yeni dosya yüklendi: Excel test.xlsx
2026-05-03 00:55:28,801 - INFO - Analiz tamamlandı. Toplam kayıt: 5
2026-05-03 01:12:11,102 - INFO - Yeni dosya işleniyor: Excel Test 2.xlsx
2026-05-03 01:12:11,102 - INFO - Yeni dosya işleniyor: Excel Test 2.xlsx
2026-05-03 01:12:11,196 - INFO - 'NCR Açıklaması' sütunu için sınıflandırma başlatılıyor. Toplam satır: 4
2026-05-03 01:12:11,196 - INFO - 'NCR Açıklaması' sütunu için sınıflandırma başlatılıyor. Toplam satır: 4
2026-05-03 01:12:11,309 - INFO - Analiz tamamlandı. Toplam kayıt: 4
2026-05-03 01:12:11,309 - INFO - Analiz tamamlandı. Toplam kayıt: 4
2026-05-03 01:14:51,734 - INFO - Yeni dosya işleniyor: Excel Test 2.xlsx
2026-05-03 01:14:51,734 - INFO - Yeni dosya işleniyor: Excel Test 2.xlsx
2026-05-03 01:14:51,754 - INFO - 'NCR Açıklaması' sütunu için sınıflandırma başlatılıyor. Toplam satır: 4
2026-05-03 01:14:51,754 - INFO - 'NCR Açıklaması' sütunu için sınıflandırma başlatılıyor. Toplam satır: 4
2026-05-03 01:14:51,763 - INFO - Analiz tamamlandı. Toplam kayıt: 4
2026-05-03 01:14:51,763 - INFO - Analiz tamamlandı. Toplam kayıt: 4
2026-05-03 01:57:45,428 - INFO - Yeni dosya işleniyor: Excel test 3.xlsx
2026-05-03 01:57:45,881 - INFO - 'NCR Açıklaması' sütunu için sınıflandırma başlatılıyor. Toplam satır: 5
2026-05-03 01:57:45,890 - INFO - Analiz tamamlandı. Toplam kayıt: 5
2026-05-03 02:00:44,162 - INFO - Yeni dosya işleniyor: Excel test 3.xlsx
2026-05-03 02:00:44,179 - INFO - 'NCR Açıklaması' sütunu için sınıflandırma başlatılıyor. Toplam satır: 5
2026-05-03 02:00:44,185 - INFO - Analiz tamamlandı. Toplam kayıt: 5
2026-05-03 11:33:24,792 - INFO - Yeni dosya işleniyor: Edge Case Excel.xlsx
2026-05-03 11:33:25,260 - INFO - 'Açıklama' sütunu için sınıflandırma başlatılıyor. Toplam satır: 9
2026-05-03 11:33:25,283 - WARNING - Sınıflandırılamayan 1 farklı açıklama bulundu.
2026-05-03 11:33:25,284 - INFO - Analiz tamamlandı. Toplam kayıt: 9
2026-05-03 11:39:00,841 - INFO - Yeni dosya işleniyor: Edge Case Excel.xlsx
2026-05-03 11:39:00,859 - INFO - 'Açıklama' sütunu için sınıflandırma başlatılıyor. Toplam satır: 9
2026-05-03 11:39:00,872 - WARNING - Sınıflandırılamayan 1 farklı açıklama bulundu.
2026-05-03 11:39:00,874 - INFO - Analiz tamamlandı. Toplam kayıt: 9
2026-05-03 11:39:03,035 - INFO - Yeni dosya işleniyor: Edge Case Excel.xlsx
2026-05-03 11:39:03,046 - INFO - 'Açıklama' sütunu için sınıflandırma başlatılıyor. Toplam satır: 9
2026-05-03 11:39:03,052 - WARNING - Sınıflandırılamayan 1 farklı açıklama bulundu.
2026-05-03 11:39:03,052 - INFO - Analiz tamamlandı. Toplam kayıt: 9
2026-05-03 11:39:09,833 - INFO - Yeni dosya işleniyor: Edge Case Excel.xlsx
2026-05-03 11:39:09,849 - INFO - 'Açıklama' sütunu için sınıflandırma başlatılıyor. Toplam satır: 9
2026-05-03 11:39:09,858 - WARNING - Sınıflandırılamayan 1 farklı açıklama bulundu.
2026-05-03 11:39:09,860 - INFO - Analiz tamamlandı. Toplam kayıt: 9
2026-05-03 11:39:13,697 - INFO - Yeni dosya işleniyor: Edge Case Excel.xlsx
2026-05-03 11:39:13,713 - INFO - 'Açıklama' sütunu için sınıflandırma başlatılıyor. Toplam satır: 9
2026-05-03 11:39:13,721 - WARNING - Sınıflandırılamayan 1 farklı açıklama bulundu.
2026-05-03 11:39:13,722 - INFO - Analiz tamamlandı. Toplam kayıt: 9
2026-05-03 11:39:16,788 - INFO - Yeni dosya işleniyor: Edge Case Excel.xlsx
2026-05-03 11:39:16,802 - INFO - 'Açıklama' sütunu için sınıflandırma başlatılıyor. Toplam satır: 9
2026-05-03 11:39:16,808 - WARNING - Sınıflandırılamayan 1 farklı açıklama bulundu.
2026-05-03 11:39:16,808 - INFO - Analiz tamamlandı. Toplam kayıt: 9
2026-05-03 11:39:19,022 - INFO - Yeni dosya işleniyor: Edge Case Excel.xlsx
2026-05-03 11:39:19,042 - INFO - 'Açıklama' sütunu için sınıflandırma başlatılıyor. Toplam satır: 9
2026-05-03 11:39:19,052 - WARNING - Sınıflandırılamayan 1 farklı açıklama bulundu.
2026-05-03 11:39:19,054 - INFO - Analiz tamamlandı. Toplam kayıt: 9
2026-05-03 11:39:20,929 - INFO - Yeni dosya işleniyor: Edge Case Excel.xlsx
2026-05-03 11:39:20,945 - INFO - 'Açıklama' sütunu için sınıflandırma başlatılıyor. Toplam satır: 9
2026-05-03 11:39:20,951 - WARNING - Sınıflandırılamayan 1 farklı açıklama bulundu.
2026-05-03 11:39:20,952 - INFO - Analiz tamamlandı. Toplam kayıt: 9
2026-05-03 11:46:06,294 - INFO - Yeni dosya işleniyor: Edge Case Excel.xlsx
2026-05-03 11:46:06,306 - INFO - 'Açıklama' sütunu için skor tabanlı sınıflandırma başlatılıyor. Toplam satır: 9
2026-05-03 11:46:06,316 - WARNING - Sınıflandırılamayan 1 farklı açıklama bulundu.
2026-05-03 11:46:06,317 - INFO - Analiz tamamlandı. Toplam kayıt: 9
2026-05-03 11:56:23,857 - INFO - Yeni dosya işleniyor: Edge Case Excel.xlsx
2026-05-03 11:56:23,883 - INFO - 'Açıklama' sütunu için skor tabanlı sınıflandırma başlatılıyor. Toplam satır: 9
2026-05-03 11:56:23,898 - INFO - Analiz tamamlandı. Toplam kayıt: 9
2026-05-03 11:56:40,721 - INFO - Yeni dosya işleniyor: Edge Case Excel.xlsx
2026-05-03 11:56:40,734 - INFO - 'Açıklama' sütunu için skor tabanlı sınıflandırma başlatılıyor. Toplam satır: 9
2026-05-03 11:56:40,744 - INFO - Analiz tamamlandı. Toplam kayıt: 9
2026-05-03 11:57:16,697 - INFO - Yeni dosya işleniyor: Edge Case Excel.xlsx
2026-05-03 11:57:16,715 - INFO - 'Açıklama' sütunu için skor tabanlı sınıflandırma başlatılıyor. Toplam satır: 9
2026-05-03 11:57:16,734 - INFO - Analiz tamamlandı. Toplam kayıt: 9
2026-05-03 11:57:37,187 - INFO - Yeni dosya işleniyor: Excel Test 2.xlsx
2026-05-03 11:57:37,207 - INFO - 'NCR Açıklaması' sütunu için skor tabanlı sınıflandırma başlatılıyor. Toplam satır: 4
2026-05-03 11:57:37,222 - INFO - Analiz tamamlandı. Toplam kayıt: 4
2026-05-03 11:59:11,885 - INFO - Yeni dosya işleniyor: Excel test.xlsx
2026-05-03 11:59:11,906 - INFO - 'NCR Açıklaması' sütunu için skor tabanlı sınıflandırma başlatılıyor. Toplam satır: 5
2026-05-03 11:59:11,920 - INFO - Analiz tamamlandı. Toplam kayıt: 5
2026-05-03 11:59:45,685 - INFO - Yeni dosya işleniyor: Excel test 3 (1).xlsx
2026-05-03 11:59:45,712 - INFO - 'NCR Açıklaması' sütunu için skor tabanlı sınıflandırma başlatılıyor. Toplam satır: 5
2026-05-03 11:59:45,731 - INFO - Analiz tamamlandı. Toplam kayıt: 5
2026-05-03 11:59:57,294 - INFO - Yeni dosya işleniyor: filtrelenmis_ncr_raporu.xlsx
2026-05-03 11:59:57,332 - INFO - 'Açıklama' sütunu için skor tabanlı sınıflandırma başlatılıyor. Toplam satır: 9
2026-05-03 11:59:57,349 - INFO - Analiz tamamlandı. Toplam kayıt: 9
2026-05-03 12:11:24,521 - INFO - Yeni dosya işleniyor: Edge Case 2.xlsx
2026-05-03 12:11:24,550 - INFO - 'Açıklama' sütunu için skor tabanlı sınıflandırma başlatılıyor. Toplam satır: 7
2026-05-03 12:11:24,572 - WARNING - Sınıflandırılamayan 1 farklı açıklama bulundu.
2026-05-03 12:11:24,572 - INFO - Analiz tamamlandı. Toplam kayıt: 7
2026-05-03 12:35:20,465 - INFO - Yeni dosya işleniyor: Edge Case 2.xlsx
2026-05-03 12:35:20,491 - INFO - 'Açıklama' sütunu için skor tabanlı sınıflandırma başlatılıyor. Toplam satır: 7
2026-05-03 12:35:20,516 - INFO - Analiz tamamlandı. Toplam kayıt: 7
2026-05-03 12:35:26,513 - INFO - Yeni dosya işleniyor: Edge Case 2.xlsx
2026-05-03 12:35:26,530 - INFO - 'Açıklama' sütunu için skor tabanlı sınıflandırma başlatılıyor. Toplam satır: 7
2026-05-03 12:35:26,541 - INFO - Analiz tamamlandı. Toplam kayıt: 7
2026-05-03 12:37:50,393 - INFO - Yeni dosya işleniyor: Edge Case 2.xlsx
2026-05-03 12:37:50,411 - INFO - 'Açıklama' sütunu için skor tabanlı sınıflandırma başlatılıyor. Toplam satır: 7
2026-05-03 12:37:50,429 - INFO - Analiz tamamlandı. Toplam kayıt: 7
2026-05-03 12:37:55,156 - INFO - Yeni dosya işleniyor: Edge Case 2.xlsx
2026-05-03 12:37:55,173 - INFO - 'Açıklama' sütunu için skor tabanlı sınıflandırma başlatılıyor. Toplam satır: 7
2026-05-03 12:37:55,186 - INFO - Analiz tamamlandı. Toplam kayıt: 7
2026-05-03 12:38:38,156 - INFO - Yeni dosya işleniyor: Edge Case 2.xlsx
2026-05-03 12:38:38,172 - INFO - 'Açıklama' sütunu için skor tabanlı sınıflandırma başlatılıyor. Toplam satır: 7
2026-05-03 12:38:38,198 - INFO - Analiz tamamlandı. Toplam kayıt: 7
2026-05-03 12:38:39,928 - INFO - Yeni dosya işleniyor: Edge Case 2.xlsx
2026-05-03 12:38:39,943 - INFO - 'Açıklama' sütunu için skor tabanlı sınıflandırma başlatılıyor. Toplam satır: 7
2026-05-03 12:38:39,951 - INFO - Analiz tamamlandı. Toplam kayıt: 7
2026-05-03 12:38:41,853 - INFO - Yeni dosya işleniyor: Edge Case 2.xlsx
2026-05-03 12:38:41,880 - INFO - 'Açıklama' sütunu için skor tabanlı sınıflandırma başlatılıyor. Toplam satır: 7
2026-05-03 12:38:41,903 - INFO - Analiz tamamlandı. Toplam kayıt: 7
2026-05-03 12:38:42,318 - INFO - Yeni dosya işleniyor: Edge Case 2.xlsx
2026-05-03 12:38:42,329 - INFO - 'Açıklama' sütunu için skor tabanlı sınıflandırma başlatılıyor. Toplam satır: 7
2026-05-03 12:38:42,338 - INFO - Analiz tamamlandı. Toplam kayıt: 7
2026-05-03 12:38:43,130 - INFO - Yeni dosya işleniyor: Edge Case 2.xlsx
2026-05-03 12:38:43,141 - INFO - 'Açıklama' sütunu için skor tabanlı sınıflandırma başlatılıyor. Toplam satır: 7
2026-05-03 12:38:43,150 - INFO - Analiz tamamlandı. Toplam kayıt: 7
2026-05-03 12:38:47,592 - INFO - Yeni dosya işleniyor: Edge Case 2.xlsx
2026-05-03 12:38:47,608 - INFO - 'Açıklama' sütunu için skor tabanlı sınıflandırma başlatılıyor. Toplam satır: 7
2026-05-03 12:38:47,619 - INFO - Analiz tamamlandı. Toplam kayıt: 7
2026-05-03 12:38:48,478 - INFO - Yeni dosya işleniyor: Edge Case 2.xlsx
2026-05-03 12:38:48,504 - INFO - 'Açıklama' sütunu için skor tabanlı sınıflandırma başlatılıyor. Toplam satır: 7
2026-05-03 12:38:48,535 - INFO - Analiz tamamlandı. Toplam kayıt: 7
2026-05-03 12:38:53,662 - INFO - Yeni dosya işleniyor: Edge Case 2.xlsx
2026-05-03 12:38:53,680 - INFO - 'Açıklama' sütunu için skor tabanlı sınıflandırma başlatılıyor. Toplam satır: 7
2026-05-03 12:38:53,702 - INFO - Analiz tamamlandı. Toplam kayıt: 7
2026-05-03 12:38:54,719 - INFO - Yeni dosya işleniyor: Edge Case 2.xlsx
2026-05-03 12:38:54,735 - INFO - 'Açıklama' sütunu için skor tabanlı sınıflandırma başlatılıyor. Toplam satır: 7
2026-05-03 12:38:54,744 - INFO - Analiz tamamlandı. Toplam kayıt: 7
2026-05-03 12:39:19,932 - INFO - Yeni dosya işleniyor: Edge Case 2.xlsx
2026-05-03 12:39:19,953 - INFO - 'Açıklama' sütunu için skor tabanlı sınıflandırma başlatılıyor. Toplam satır: 7
2026-05-03 12:39:19,973 - INFO - Analiz tamamlandı. Toplam kayıt: 7
2026-05-03 12:49:09,654 - INFO - Yeni dosya işleniyor: Edge Case 2.xlsx
2026-05-03 12:49:09,882 - INFO - 'Açıklama' sütunu için skor tabanlı sınıflandırma başlatılıyor. Toplam satır: 7
2026-05-03 12:49:09,889 - INFO - Analiz tamamlandı. Toplam kayıt: 7
2026-05-03 12:49:16,791 - INFO - Yeni dosya işleniyor: Edge Case 2.xlsx
2026-05-03 12:49:16,796 - INFO - 'Açıklama' sütunu için skor tabanlı sınıflandırma başlatılıyor. Toplam satır: 7
2026-05-03 12:49:16,805 - INFO - Analiz tamamlandı. Toplam kayıt: 7
2026-05-03 12:49:17,953 - INFO - Yeni dosya işleniyor: Edge Case 2.xlsx
2026-05-03 12:49:17,966 - INFO - 'Açıklama' sütunu için skor tabanlı sınıflandırma başlatılıyor. Toplam satır: 7
2026-05-03 12:49:17,980 - INFO - Analiz tamamlandı. Toplam kayıt: 7
2026-05-03 12:49:18,785 - INFO - Yeni dosya işleniyor: Edge Case 2.xlsx
2026-05-03 12:49:18,794 - INFO - 'Açıklama' sütunu için skor tabanlı sınıflandırma başlatılıyor. Toplam satır: 7
2026-05-03 12:49:18,812 - INFO - Analiz tamamlandı. Toplam kayıt: 7
2026-05-03 12:49:20,009 - INFO - Yeni dosya işleniyor: Edge Case 2.xlsx
2026-05-03 12:49:20,018 - INFO - 'Açıklama' sütunu için skor tabanlı sınıflandırma başlatılıyor. Toplam satır: 7
2026-05-03 12:49:20,031 - INFO - Analiz tamamlandı. Toplam kayıt: 7
2026-05-03 12:49:22,536 - INFO - Yeni dosya işleniyor: Edge Case 2.xlsx
2026-05-03 12:49:22,546 - INFO - 'Açıklama' sütunu için skor tabanlı sınıflandırma başlatılıyor. Toplam satır: 7
2026-05-03 12:49:22,557 - INFO - Analiz tamamlandı. Toplam kayıt: 7
2026-05-03 12:49:22,794 - INFO - Yeni dosya işleniyor: Edge Case 2.xlsx
2026-05-03 12:49:22,801 - INFO - 'Açıklama' sütunu için skor tabanlı sınıflandırma başlatılıyor. Toplam satır: 7
2026-05-03 12:49:22,811 - INFO - Analiz tamamlandı. Toplam kayıt: 7
2026-05-03 12:49:23,052 - INFO - Yeni dosya işleniyor: Edge Case 2.xlsx
2026-05-03 12:49:23,084 - INFO - 'Açıklama' sütunu için skor tabanlı sınıflandırma başlatılıyor. Toplam satır: 7
2026-05-03 12:49:23,120 - INFO - Analiz tamamlandı. Toplam kayıt: 7
2026-05-03 12:49:23,887 - INFO - Yeni dosya işleniyor: Edge Case 2.xlsx
2026-05-03 12:49:23,895 - INFO - 'Açıklama' sütunu için skor tabanlı sınıflandırma başlatılıyor. Toplam satır: 7
2026-05-03 12:49:23,907 - INFO - Analiz tamamlandı. Toplam kayıt: 7
2026-05-03 12:49:26,741 - INFO - Yeni dosya işleniyor: Edge Case 2.xlsx
2026-05-03 12:49:26,751 - INFO - 'Açıklama' sütunu için skor tabanlı sınıflandırma başlatılıyor. Toplam satır: 7
2026-05-03 12:49:26,766 - INFO - Analiz tamamlandı. Toplam kayıt: 7
2026-05-03 12:49:28,674 - INFO - Yeni dosya işleniyor: Edge Case 2.xlsx
2026-05-03 12:49:28,682 - INFO - 'Açıklama' sütunu için skor tabanlı sınıflandırma başlatılıyor. Toplam satır: 7
2026-05-03 12:49:28,689 - INFO - Analiz tamamlandı. Toplam kayıt: 7
2026-05-03 12:49:31,077 - INFO - Yeni dosya işleniyor: Edge Case 2.xlsx
2026-05-03 12:49:31,086 - INFO - 'Açıklama' sütunu için skor tabanlı sınıflandırma başlatılıyor. Toplam satır: 7
2026-05-03 12:49:31,104 - INFO - Analiz tamamlandı. Toplam kayıt: 7
2026-05-03 12:49:31,338 - INFO - Yeni dosya işleniyor: Edge Case 2.xlsx
2026-05-03 12:49:31,348 - INFO - 'Açıklama' sütunu için skor tabanlı sınıflandırma başlatılıyor. Toplam satır: 7
2026-05-03 12:49:31,359 - INFO - Analiz tamamlandı. Toplam kayıt: 7
2026-05-03 12:49:31,600 - INFO - Yeni dosya işleniyor: Edge Case 2.xlsx
2026-05-03 12:49:31,606 - INFO - 'Açıklama' sütunu için skor tabanlı sınıflandırma başlatılıyor. Toplam satır: 7
2026-05-03 12:49:31,613 - INFO - Analiz tamamlandı. Toplam kayıt: 7
2026-05-03 12:49:31,844 - INFO - Yeni dosya işleniyor: Edge Case 2.xlsx
2026-05-03 12:49:31,850 - INFO - 'Açıklama' sütunu için skor tabanlı sınıflandırma başlatılıyor. Toplam satır: 7
2026-05-03 12:49:31,858 - INFO - Analiz tamamlandı. Toplam kayıt: 7
2026-05-03 12:49:32,101 - INFO - Yeni dosya işleniyor: Edge Case 2.xlsx
2026-05-03 12:49:32,107 - INFO - 'Açıklama' sütunu için skor tabanlı sınıflandırma başlatılıyor. Toplam satır: 7
2026-05-03 12:49:32,116 - INFO - Analiz tamamlandı. Toplam kayıt: 7
2026-05-03 12:49:33,442 - INFO - Yeni dosya işleniyor: Edge Case 2.xlsx
2026-05-03 12:49:33,449 - INFO - 'Açıklama' sütunu için skor tabanlı sınıflandırma başlatılıyor. Toplam satır: 7
2026-05-03 12:49:33,458 - INFO - Analiz tamamlandı. Toplam kayıt: 7
2026-05-03 12:49:33,742 - INFO - Yeni dosya işleniyor: Edge Case 2.xlsx
2026-05-03 12:49:33,748 - INFO - 'Açıklama' sütunu için skor tabanlı sınıflandırma başlatılıyor. Toplam satır: 7
2026-05-03 12:49:33,755 - INFO - Analiz tamamlandı. Toplam kayıt: 7
2026-05-03 12:49:34,005 - INFO - Yeni dosya işleniyor: Edge Case 2.xlsx
2026-05-03 12:49:34,011 - INFO - 'Açıklama' sütunu için skor tabanlı sınıflandırma başlatılıyor. Toplam satır: 7
2026-05-03 12:49:34,023 - INFO - Analiz tamamlandı. Toplam kayıt: 7
2026-05-03 12:49:34,284 - INFO - Yeni dosya işleniyor: Edge Case 2.xlsx
2026-05-03 12:49:34,289 - INFO - 'Açıklama' sütunu için skor tabanlı sınıflandırma başlatılıyor. Toplam satır: 7
2026-05-03 12:49:34,297 - INFO - Analiz tamamlandı. Toplam kayıt: 7
2026-05-03 12:49:34,762 - INFO - Yeni dosya işleniyor: Edge Case 2.xlsx
2026-05-03 12:49:34,771 - INFO - 'Açıklama' sütunu için skor tabanlı sınıflandırma başlatılıyor. Toplam satır: 7
2026-05-03 12:49:34,783 - INFO - Analiz tamamlandı. Toplam kayıt: 7
2026-05-03 12:54:07,663 - INFO - Yeni dosya işleniyor: Edge Case 2.xlsx
2026-05-03 12:54:07,675 - INFO - 'Açıklama' sütunu için skor tabanlı sınıflandırma başlatılıyor. Toplam satır: 7
2026-05-03 12:54:07,694 - INFO - Analiz tamamlandı. Toplam kayıt: 7
2026-05-03 12:54:15,426 - INFO - Yeni dosya işleniyor: Edge Case 2.xlsx
2026-05-03 12:54:15,432 - INFO - 'Açıklama' sütunu için skor tabanlı sınıflandırma başlatılıyor. Toplam satır: 7
2026-05-03 12:54:15,440 - INFO - Analiz tamamlandı. Toplam kayıt: 7
2026-05-03 12:54:15,502 - INFO - Yeni dosya işleniyor: Edge Case 2.xlsx
2026-05-03 12:54:15,510 - INFO - 'Açıklama' sütunu için skor tabanlı sınıflandırma başlatılıyor. Toplam satır: 7
2026-05-03 12:54:15,519 - INFO - Analiz tamamlandı. Toplam kayıt: 7
2026-05-03 12:54:19,019 - INFO - Yeni dosya işleniyor: Edge Case 2.xlsx
2026-05-03 12:54:19,028 - INFO - 'Açıklama' sütunu için skor tabanlı sınıflandırma başlatılıyor. Toplam satır: 7
2026-05-03 12:54:19,038 - INFO - Analiz tamamlandı. Toplam kayıt: 7
2026-05-03 12:54:21,091 - INFO - Yeni dosya işleniyor: Edge Case 2.xlsx
2026-05-03 12:54:21,101 - INFO - 'Açıklama' sütunu için skor tabanlı sınıflandırma başlatılıyor. Toplam satır: 7
2026-05-03 12:54:21,115 - INFO - Analiz tamamlandı. Toplam kayıt: 7
2026-05-03 12:54:21,359 - INFO - Yeni dosya işleniyor: Edge Case 2.xlsx
2026-05-03 12:54:21,374 - INFO - 'Açıklama' sütunu için skor tabanlı sınıflandırma başlatılıyor. Toplam satır: 7
2026-05-03 12:54:21,391 - INFO - Analiz tamamlandı. Toplam kayıt: 7
2026-05-03 12:54:22,896 - INFO - Yeni dosya işleniyor: Edge Case 2.xlsx
2026-05-03 12:54:22,904 - INFO - 'Açıklama' sütunu için skor tabanlı sınıflandırma başlatılıyor. Toplam satır: 7
2026-05-03 12:54:22,917 - INFO - Analiz tamamlandı. Toplam kayıt: 7
2026-05-03 12:54:23,216 - INFO - Yeni dosya işleniyor: Edge Case 2.xlsx
2026-05-03 12:54:23,222 - INFO - 'Açıklama' sütunu için skor tabanlı sınıflandırma başlatılıyor. Toplam satır: 7
2026-05-03 12:54:23,234 - INFO - Analiz tamamlandı. Toplam kayıt: 7
2026-05-03 12:54:23,456 - INFO - Yeni dosya işleniyor: Edge Case 2.xlsx
2026-05-03 12:54:23,461 - INFO - 'Açıklama' sütunu için skor tabanlı sınıflandırma başlatılıyor. Toplam satır: 7
2026-05-03 12:54:23,469 - INFO - Analiz tamamlandı. Toplam kayıt: 7
2026-05-03 12:54:23,704 - INFO - Yeni dosya işleniyor: Edge Case 2.xlsx
2026-05-03 12:54:23,711 - INFO - 'Açıklama' sütunu için skor tabanlı sınıflandırma başlatılıyor. Toplam satır: 7
2026-05-03 12:54:23,720 - INFO - Analiz tamamlandı. Toplam kayıt: 7
2026-05-03 12:54:23,988 - INFO - Yeni dosya işleniyor: Edge Case 2.xlsx
2026-05-03 12:54:23,993 - INFO - 'Açıklama' sütunu için skor tabanlı sınıflandırma başlatılıyor. Toplam satır: 7
2026-05-03 12:54:24,003 - INFO - Analiz tamamlandı. Toplam kayıt: 7
2026-05-03 12:54:24,578 - INFO - Yeni dosya işleniyor: Edge Case 2.xlsx
2026-05-03 12:54:24,588 - INFO - 'Açıklama' sütunu için skor tabanlı sınıflandırma başlatılıyor. Toplam satır: 7
2026-05-03 12:54:24,605 - INFO - Analiz tamamlandı. Toplam kayıt: 7
2026-05-03 12:54:25,824 - INFO - Yeni dosya işleniyor: Edge Case 2.xlsx
2026-05-03 12:54:25,833 - INFO - 'Açıklama' sütunu için skor tabanlı sınıflandırma başlatılıyor. Toplam satır: 7
2026-05-03 12:54:25,846 - INFO - Analiz tamamlandı. Toplam kayıt: 7
2026-05-03 12:54:26,115 - INFO - Yeni dosya işleniyor: Edge Case 2.xlsx
2026-05-03 12:54:26,125 - INFO - 'Açıklama' sütunu için skor tabanlı sınıflandırma başlatılıyor. Toplam satır: 7
2026-05-03 12:54:26,139 - INFO - Analiz tamamlandı. Toplam kayıt: 7
2026-05-03 12:54:26,439 - INFO - Yeni dosya işleniyor: Edge Case 2.xlsx
2026-05-03 12:54:26,447 - INFO - 'Açıklama' sütunu için skor tabanlı sınıflandırma başlatılıyor. Toplam satır: 7
2026-05-03 12:54:26,454 - INFO - Analiz tamamlandı. Toplam kayıt: 7
2026-05-03 12:54:28,820 - INFO - Yeni dosya işleniyor: Edge Case 2.xlsx
2026-05-03 12:54:28,830 - INFO - 'Açıklama' sütunu için skor tabanlı sınıflandırma başlatılıyor. Toplam satır: 7
2026-05-03 12:54:28,844 - INFO - Analiz tamamlandı. Toplam kayıt: 7
2026-05-03 12:54:29,098 - INFO - Yeni dosya işleniyor: Edge Case 2.xlsx
2026-05-03 12:54:29,115 - INFO - 'Açıklama' sütunu için skor tabanlı sınıflandırma başlatılıyor. Toplam satır: 7
2026-05-03 12:54:29,148 - INFO - Analiz tamamlandı. Toplam kayıt: 7
2026-05-03 12:54:32,584 - INFO - Yeni dosya işleniyor: Edge Case 2.xlsx
2026-05-03 12:54:32,589 - INFO - 'Açıklama' sütunu için skor tabanlı sınıflandırma başlatılıyor. Toplam satır: 7
2026-05-03 12:54:32,599 - INFO - Analiz tamamlandı. Toplam kayıt: 7
2026-05-03 12:54:33,828 - INFO - Yeni dosya işleniyor: Edge Case 2.xlsx
2026-05-03 12:54:33,838 - INFO - 'Açıklama' sütunu için skor tabanlı sınıflandırma başlatılıyor. Toplam satır: 7
2026-05-03 12:54:33,850 - INFO - Analiz tamamlandı. Toplam kayıt: 7
2026-05-03 12:54:34,251 - INFO - Yeni dosya işleniyor: Edge Case 2.xlsx
2026-05-03 12:54:34,260 - INFO - 'Açıklama' sütunu için skor tabanlı sınıflandırma başlatılıyor. Toplam satır: 7
2026-05-03 12:54:34,272 - INFO - Analiz tamamlandı. Toplam kayıt: 7
2026-05-03 12:54:34,933 - INFO - Yeni dosya işleniyor: Edge Case 2.xlsx
2026-05-03 12:54:34,940 - INFO - 'Açıklama' sütunu için skor tabanlı sınıflandırma başlatılıyor. Toplam satır: 7
2026-05-03 12:54:34,948 - INFO - Analiz tamamlandı. Toplam kayıt: 7
2026-05-03 12:54:42,921 - INFO - Yeni dosya işleniyor: Edge Case 2.xlsx
2026-05-03 12:54:42,930 - INFO - 'Açıklama' sütunu için skor tabanlı sınıflandırma başlatılıyor. Toplam satır: 7
2026-05-03 12:54:42,948 - INFO - Analiz tamamlandı. Toplam kayıt: 7
2026-05-03 12:54:43,065 - INFO - Yeni dosya işleniyor: Edge Case 2.xlsx
2026-05-03 12:54:43,073 - INFO - 'Açıklama' sütunu için skor tabanlı sınıflandırma başlatılıyor. Toplam satır: 7
2026-05-03 12:54:43,082 - INFO - Analiz tamamlandı. Toplam kayıt: 7
2026-05-03 13:05:36,558 - INFO - Yeni dosya işleniyor: Edge Case 2.xlsx
2026-05-03 13:05:36,574 - INFO - 'Açıklama' sütunu için skor tabanlı sınıflandırma başlatılıyor. Toplam satır: 7
2026-05-03 13:05:36,602 - INFO - Analiz tamamlandı. Toplam kayıt: 7
2026-05-03 13:06:10,019 - INFO - Yeni dosya işleniyor: Edge Case 2.xlsx
2026-05-03 13:06:10,028 - INFO - 'Açıklama' sütunu için skor tabanlı sınıflandırma başlatılıyor. Toplam satır: 7
2026-05-03 13:06:10,047 - INFO - Analiz tamamlandı. Toplam kayıt: 7
2026-05-03 13:08:54,001 - INFO - Yeni dosya işleniyor: Edge Case 2.xlsx
2026-05-03 13:08:54,016 - INFO - 'Açıklama' sütunu için skor tabanlı sınıflandırma başlatılıyor. Toplam satır: 7
2026-05-03 13:08:54,036 - INFO - Analiz tamamlandı. Toplam kayıt: 7
2026-05-03 13:09:06,626 - INFO - Yeni dosya işleniyor: Edge Case 2.xlsx
2026-05-03 13:09:06,636 - INFO - 'Açıklama' sütunu için skor tabanlı sınıflandırma başlatılıyor. Toplam satır: 7
2026-05-03 13:09:06,656 - INFO - Analiz tamamlandı. Toplam kayıt: 7
2026-05-03 13:09:06,736 - INFO - Yeni dosya işleniyor: Edge Case 2.xlsx
2026-05-03 13:09:06,745 - INFO - 'Açıklama' sütunu için skor tabanlı sınıflandırma başlatılıyor. Toplam satır: 7
2026-05-03 13:09:06,757 - INFO - Analiz tamamlandı. Toplam kayıt: 7
2026-05-03 13:09:09,061 - INFO - Yeni dosya işleniyor: Edge Case 2.xlsx
2026-05-03 13:09:09,070 - INFO - 'Açıklama' sütunu için skor tabanlı sınıflandırma başlatılıyor. Toplam satır: 7
2026-05-03 13:09:09,085 - INFO - Analiz tamamlandı. Toplam kayıt: 7
2026-05-03 13:09:09,168 - INFO - Yeni dosya işleniyor: Edge Case 2.xlsx
2026-05-03 13:09:09,183 - INFO - 'Açıklama' sütunu için skor tabanlı sınıflandırma başlatılıyor. Toplam satır: 7
2026-05-03 13:09:09,206 - INFO - Analiz tamamlandı. Toplam kayıt: 7
2026-05-03 13:09:10,089 - INFO - Yeni dosya işleniyor: Edge Case 2.xlsx
2026-05-03 13:09:10,098 - INFO - 'Açıklama' sütunu için skor tabanlı sınıflandırma başlatılıyor. Toplam satır: 7
2026-05-03 13:09:10,111 - INFO - Analiz tamamlandı. Toplam kayıt: 7
2026-05-03 13:09:10,204 - INFO - Yeni dosya işleniyor: Edge Case 2.xlsx
2026-05-03 13:09:10,212 - INFO - 'Açıklama' sütunu için skor tabanlı sınıflandırma başlatılıyor. Toplam satır: 7
2026-05-03 13:09:10,225 - INFO - Analiz tamamlandı. Toplam kayıt: 7
2026-05-03 13:09:10,915 - INFO - Yeni dosya işleniyor: Edge Case 2.xlsx
2026-05-03 13:09:10,923 - INFO - 'Açıklama' sütunu için skor tabanlı sınıflandırma başlatılıyor. Toplam satır: 7
2026-05-03 13:09:10,938 - INFO - Analiz tamamlandı. Toplam kayıt: 7
2026-05-03 13:09:11,027 - INFO - Yeni dosya işleniyor: Edge Case 2.xlsx
2026-05-03 13:09:11,039 - INFO - 'Açıklama' sütunu için skor tabanlı sınıflandırma başlatılıyor. Toplam satır: 7
2026-05-03 13:09:11,058 - INFO - Analiz tamamlandı. Toplam kayıt: 7
2026-05-03 13:09:11,754 - INFO - Yeni dosya işleniyor: Edge Case 2.xlsx
2026-05-03 13:09:11,762 - INFO - 'Açıklama' sütunu için skor tabanlı sınıflandırma başlatılıyor. Toplam satır: 7
2026-05-03 13:09:11,777 - INFO - Analiz tamamlandı. Toplam kayıt: 7
2026-05-03 13:09:11,884 - INFO - Yeni dosya işleniyor: Edge Case 2.xlsx
2026-05-03 13:09:11,894 - INFO - 'Açıklama' sütunu için skor tabanlı sınıflandırma başlatılıyor. Toplam satır: 7
2026-05-03 13:09:11,904 - INFO - Analiz tamamlandı. Toplam kayıt: 7
2026-05-03 13:09:54,199 - INFO - Yeni dosya işleniyor: Edge Case 2.xlsx
2026-05-03 13:09:54,206 - INFO - 'Açıklama' sütunu için skor tabanlı sınıflandırma başlatılıyor. Toplam satır: 7
2026-05-03 13:09:54,221 - INFO - Analiz tamamlandı. Toplam kayıt: 7
2026-05-03 13:10:02,275 - INFO - Yeni dosya işleniyor: Edge Case 2.xlsx
2026-05-03 13:10:02,282 - INFO - 'Açıklama' sütunu için skor tabanlı sınıflandırma başlatılıyor. Toplam satır: 7
2026-05-03 13:10:02,291 - INFO - Analiz tamamlandı. Toplam kayıt: 7
2026-05-03 13:10:02,353 - INFO - Yeni dosya işleniyor: Edge Case 2.xlsx
2026-05-03 13:10:02,360 - INFO - 'Açıklama' sütunu için skor tabanlı sınıflandırma başlatılıyor. Toplam satır: 7
2026-05-03 13:10:02,370 - INFO - Analiz tamamlandı. Toplam kayıt: 7
2026-05-03 13:10:05,519 - INFO - Yeni dosya işleniyor: Edge Case 2.xlsx
2026-05-03 13:10:05,529 - INFO - 'Açıklama' sütunu için skor tabanlı sınıflandırma başlatılıyor. Toplam satır: 7
2026-05-03 13:10:05,545 - INFO - Analiz tamamlandı. Toplam kayıt: 7
2026-05-03 13:10:05,628 - INFO - Yeni dosya işleniyor: Edge Case 2.xlsx
2026-05-03 13:10:05,643 - INFO - 'Açıklama' sütunu için skor tabanlı sınıflandırma başlatılıyor. Toplam satır: 7
2026-05-03 13:10:05,662 - INFO - Analiz tamamlandı. Toplam kayıt: 7
